// Vitest Snapshot v1, https://vitest.dev/guide/snapshot.html

exports[`MenuGrid Component > should render correct number of products 1`] = `
<div>
  <div
    class="grid grid-cols-1 sm:grid-cols-2 lg:grid-cols-3 gap-6"
  >
    <div
      data-testid="product-1"
    >
      Product 1
    </div>
    <div
      data-testid="product-2"
    >
      Product 2
    </div>
    <div
      data-testid="product-3"
    >
      Product 3
    </div>
  </div>
</div>
`;
